Router>enable
Router#configure terminal
Enter configuration commands, one per line.  End with CNTL/Z.
Router(config)#
Router(config)#exit
Router#
%SYS-5-CONFIG_I: Configured from console by console
exit
Router con0 is now available






Press RETURN to get started.

Router>en
Router#erase startuo-config

Router#erase startup-config
Erasing the nvram filesystem will remove all configuration files! Continue? [confirm]y[OK]
Erase of nvram: complete
%SYS-7-NV_BLOCK_INIT: Initialized the geometry of nvram
Router#
Router#
Router#reload
System configuration has been modified. Save? [yes/no]:no
Proceed with reload? [confirm]ySystem Bootstrap, Version 12.3(8r)T8, RELEASE SOFTWARE (fc1)
Initializing memory for ECC
..
C1841 processor with 524288 Kbytes of main memory
Main memory is configured to 64 bit mode with ECC enabled

Readonly ROMMON initialized

Self decompressing the image :
########################################################################## [OK]
              Restricted Rights Legend

Use, duplication, or disclosure by the Government is
subject to restrictions as set forth in subparagraph
(c) of the Commercial Computer Software - Restricted
Rights clause at FAR sec. 52.227-19 and subparagraph
(c) (1) (ii) of the Rights in Technical Data and Computer
Software clause at DFARS sec. 252.227-7013.

           cisco Systems, Inc.
           170 West Tasman Drive
           San Jose, California 95134-1706



Cisco IOS Software, 1841 Software (C1841-IPBASE-M), Version 12.3(14)T7, RELEASE SOFTWARE (fc2)
Technical Support: http://www.cisco.com/techsupport
Copyright (c) 1986-2006 by Cisco Systems, Inc.
Compiled Mon 15-May-06 14:54 by pt_team
Image text-base: 0x6007D180, data-base: 0x61400000

Port Statistics for unclassified packets is not turned on.
Cisco 1841 (revision 5.0) with 114688K/16384K bytes of memory.
Processor board ID FTX0947Z18E
M860 processor: part number 0, mask 49
2 FastEthernet/IEEE 802.3 interface(s)
2 Low-speed serial(sync/async) network interface(s)
191K bytes of NVRAM.
32768K bytes of ATA CompactFlash (Read/Write)
Cisco IOS Software, 1841 Software (C1841-IPBASE-M), Version 12.3(14)T7, RELEASE SOFTWARE (fc2)
Technical Support: http://www.cisco.com/techsupport
Copyright (c) 1986-2006 by Cisco Systems, Inc.
Compiled Mon 15-May-06 14:54 by pt_team


         --- System Configuration Dialog ---

Would you like to enter the initial configuration dialog? [yes/no]:
no


Press RETURN to get started!



Router>en
Router#
Router#conf
Router#configure ?
  terminal  Configure from the terminal
  <cr>
Router#configure 
Router>en
Router#conf
Router#configure ?
  terminal  Configure from the terminal
  <cr>
Router#configure T
Enter configuration commands, one per line.  End with CNTL/Z.
Router(config)#configure t
                     ^
% Invalid input detected at '^' marker.
	
Router(config)#configure t
Router(config)#hostname R1
R1(config)#no ip domai-lookup
                      ^
% Invalid input detected at '^' marker.
	
R1(config)#no ip domain-lookup
R1(config)#enable password
% Incomplete command.
R1(config)#enable password cisco
R1(config)#end
R1#
%SYS-5-CONFIG_I: Configured from console by console

R1#en
R1#end
Translating "end"
% Unknown command or computer name, or unable to find computer address

R1#exit









R1 con0 is now available






Press RETURN to get started.













R1>en
Password: 
R1#show run
Building configuration...

Current configuration : 734 bytes
!
version 12.3
no service timestamps log datetime msec
no service timestamps debug datetime msec
no service password-encryption
!
hostname R1
!
!
!
enable password cisco
!
!
!
!
!
!
no ip cef
no ipv6 cef
!
!
!
!
!
!
!
!
!
!
no ip domain-lookup
!
!
spanning-tree mode pvst
!
!
!
!
!
!
interface FastEthernet0/0
 no ip address
 duplex auto
 speed auto
 shutdown
!
interface FastEthernet0/1
 no ip address
 duplex auto
 speed auto
 shutdown
!
interface Serial0/0/0
 no ip address
 clock rate 2000000
 shutdown
!
interface Serial0/0/1
 no ip address
 clock rate 2000000
 shutdown
!
interface Vlan1
 no ip address
 shutdown
!
ip classless
!
ip flow-export version 9
!
!
!
!
!
!
!
!
line con 0
!
line aux 0
!
line vty 0 4
 login
!
!
!
end


R1#
R1#conf t
Enter configuration commands, one per line.  End with CNTL/Z.
R1(config)#no enable password
R1(config)#enable secret class
R1(config)#end
R1#
%SYS-5-CONFIG_I: Configured from console by console
exit









R1 con0 is now available






Press RETURN to get started.













R1>en
Password: 
R1#show run
Building configuration...

Current configuration : 759 bytes
!
version 12.3
no service timestamps log datetime msec
no service timestamps debug datetime msec
no service password-encryption
!
hostname R1
!
!
!
enable secret 5 $1$mERr$9cTjUIEqNGurQiFU.ZeCi1
!
!
!
!
!
!
no ip cef
no ipv6 cef
!
!
!
!
!
!
!
!
!
!
no ip domain-lookup
!
!
spanning-tree mode pvst
!
!
!
!
!
!
interface FastEthernet0/0
 no ip address
 duplex auto
 speed auto
 shutdown
!
interface FastEthernet0/1
 no ip address
 duplex auto
 speed auto
 shutdown
!
interface Serial0/0/0
 no ip address
 clock rate 2000000
 shutdown
!
interface Serial0/0/1
 no ip address
 clock rate 2000000
 shutdown
!
interface Vlan1
 no ip address
 shutdown
!
ip classless
!
ip flow-export version 9
!
!
!
!
!
!
!
!
line con 0
!
line aux 0
!
line vty 0 4
 login
!
!
!
end


R1#

R1#conf t
Enter configuration commands, one per line.  End with CNTL/Z.
R1(config)#banner motd &
Enter TEXT message.  End with the character '&'.
******************************** 

  !!!AUTHORIZED ACCESS ONLY!!! 

******************************** 

&

R1(config)#
******************************** 

  !!!AUTHORIZED ACCESS ONLY!!! 

******************************** 



R1>en
Password: 
R1#conf t
Enter configuration commands, one per line.  End with CNTL/Z.
R1(config)#line console 0
R1(config-line)#password cisco
R1(config-line)#login
R1(config-line)#exit
R1(config)#exit
R1#
%SYS-5-CONFIG_I: Configured from console by console

R1#exit









R1 con0 is now available






Press RETURN to get started.












******************************** 

  !!!AUTHORIZED ACCESS ONLY!!! 

******************************** 



User Access Verification

Password: 

R1>en
Password: 
R1#conf t
Enter configuration commands, one per line.  End with CNTL/Z.
R1(config)#
User Access Verification

Password: 

R1>en
Password: 
R1#conf t
Enter configuration commands, one per line.  End with CNTL/Z.
R1(config)#service?
service  
R1(config)#line vty 0 4
R1(config-line)#password cisco
R1(config-line)#login
R1(config-line)#exit
R1(config)#
R1(config)#service?
service  
R1(config)#service p
R1(config)#serivce password-encryption
              ^
% Invalid input detected at '^' marker.
	
R1(config)#service password-encryption
R1(config)#
R1(config)#service password-encryption
R1(config)#interface serial 0/0/0
R1(config-if)#ip address 192.168.2.1 255.255.255.0
R1(config-if)#no shut

%LINK-5-CHANGED: Interface Serial0/0/0, changed state to down
R1(config-if)#int f0/0
R1(config-if)#ip address 192.168.1.1 255.255.255.0
R1(config-if)#no shut

R1(config-if)#
%LINK-5-CHANGED: Interface FastEthernet0/0, changed state to up

%LINEPROTO-5-UPDOWN: Line protocol on Interface FastEthernet0/0, changed state to up

%LINEPROTO-5-UPDOWN: Line protocol on Interface FastEthernet0/0, changed state to up

R1(config-if)#end
R1#
%SYS-5-CONFIG_I: Configured from console by console

R1#copy run start
Destination filename [startup-config]? 
Building configuration...
[OK]
R1#


Router 2

System Bootstrap, Version 12.3(8r)T8, RELEASE SOFTWARE (fc1)
Cisco 1841 (revision 5.0) with 114688K/16384K bytes of memory.

Readonly ROMMON initialized

Self decompressing the image :
######################### [OK]
              Restricted Rights Legend

Use, duplication, or disclosure by the Government is
subject to restrictions as set forth in subparagraph
(c) of the Commercial Computer Software - Restricted
Rights clause at FAR sec. 52.227-19 and subparagraph
(c) (1) (ii) of the Rights in Technical Data and Computer
Software clause at DFARS sec. 252.227-7013.

           cisco Systems, Inc.
           170 West Tasman Drive
           San Jose, California 95134-1706



Cisco IOS Software, 1841 Software (C1841-IPBASE-M), Version 12.3(14)T7, RELEASE SOFTWARE (fc2)
Technical Support: http://www.cisco.com/techsupport
Copyright (c) 1986-2006 by Cisco Systems, Inc.
Compiled Mon 15-May-06 14:54 by pt_team
Image text-base: 0x6007D180, data-base: 0x61400000

Port Statistics for unclassified packets is not turned on.
Cisco 1841 (revision 5.0) with 114688K/16384K bytes of memory.
Processor board ID FTX0947Z18E
M860 processor: part number 0, mask 49
2 FastEthernet/IEEE 802.3 interface(s)
2 Low-speed serial(sync/async) network interface(s)
191K bytes of NVRAM.
32768K bytes of ATA CompactFlash (Read/Write)
Cisco IOS Software, 1841 Software (C1841-IPBASE-M), Version 12.3(14)T7, RELEASE SOFTWARE (fc2)
Technical Support: http://www.cisco.com/techsupport
Copyright (c) 1986-2006 by Cisco Systems, Inc.
Compiled Mon 15-May-06 14:54 by pt_team

Press RETURN to get started!



Router>en
Router#erase startup-con
Erasing the nvram filesystem will remove all configuration files! Continue? [confirm]y[OK]
Erase of nvram: complete
%SYS-7-NV_BLOCK_INIT: Initialized the geometry of nvram
Router#reload
Proceed with reload? [confirm]ySystem Bootstrap, Version 12.3(8r)T8, RELEASE SOFTWARE (fc1)
Initializing memory for ECC
..
C1841 processor with 524288 Kbytes of main memory
Main memory is configured to 64 bit mode with ECC enabled

Readonly ROMMON initialized

Self decompressing the image :
########################################################################## [OK]
              Restricted Rights Legend

Use, duplication, or disclosure by the Government is
subject to restrictions as set forth in subparagraph
(c) of the Commercial Computer Software - Restricted
Rights clause at FAR sec. 52.227-19 and subparagraph
(c) (1) (ii) of the Rights in Technical Data and Computer
Software clause at DFARS sec. 252.227-7013.

           cisco Systems, Inc.
           170 West Tasman Drive
           San Jose, California 95134-1706



Cisco IOS Software, 1841 Software (C1841-IPBASE-M), Version 12.3(14)T7, RELEASE SOFTWARE (fc2)
Technical Support: http://www.cisco.com/techsupport
Copyright (c) 1986-2006 by Cisco Systems, Inc.
Compiled Mon 15-May-06 14:54 by pt_team
Image text-base: 0x6007D180, data-base: 0x61400000

Port Statistics for unclassified packets is not turned on.
Cisco 1841 (revision 5.0) with 114688K/16384K bytes of memory.
Processor board ID FTX0947Z18E
M860 processor: part number 0, mask 49
2 FastEthernet/IEEE 802.3 interface(s)
2 Low-speed serial(sync/async) network interface(s)
191K bytes of NVRAM.
32768K bytes of ATA CompactFlash (Read/Write)
Cisco IOS Software, 1841 Software (C1841-IPBASE-M), Version 12.3(14)T7, RELEASE SOFTWARE (fc2)
Technical Support: http://www.cisco.com/techsupport
Copyright (c) 1986-2006 by Cisco Systems, Inc.
Compiled Mon 15-May-06 14:54 by pt_team


         --- System Configuration Dialog ---

Would you like to enter the initial configuration dialog? [yes/no]: no


Press RETURN to get started!



Router>en
Router#conf t
Enter configuration commands, one per line.  End with CNTL/Z.
Router(config)#hostname R2
R2(config)#no ip domain-lookup
R2(config)#enable secret class
R2(config)#banner motd &
Enter TEXT message.  End with the character '&'.
Enter TEXT message.  End with the character '&'.

R2(config)#******************************** !!!AUTHORIZED  ACCESS  ONLY!!! ******************************** 
           ^
% Invalid input detected at '^' marker.
	
R2(config)#
R2(config)#banner motd &
Enter TEXT message.  End with the character '&'.
******************************** !!!AUTHORIZED  ACCESS  ONLY!!! ******************************** 
&

R2(config)#line console 0
R2(config-line)#password cisco
R2(config-line)#login
R2(config-line)#exit
R2(config)#line vty 0 4
R2(config-line)#password cisco
R2(config-line)#login
R2(config-line)#
R2(config-line)#exit
R2(config)#service?
service  
R2(config)#service p
R2(config)#service password-encryption
R2(config)#interface f0/0
R2(config-if)#ip address 192.168.3.1 255.255.255.0
R2(config-if)#no shut

R2(config-if)#
%LINK-5-CHANGED: Interface FastEthernet0/0, changed state to up

%LINEPROTO-5-UPDOWN: Line protocol on Interface FastEthernet0/0, changed state to up

R2(config-if)#
R2(config-if)#exit
R2(config)#interface serial 0/0/0
R2(config-if)#ip address 192.168.2.2 255.255.255.0
R2(config-if)#no shut

R2(config-if)#
%LINK-5-CHANGED: Interface Serial0/0/0, changed state to up

%LINEPROTO-5-UPDOWN: Line protocol on Interface Serial0/0/0, changed state to up

R2(config-if)#end
R2#
%SYS-5-CONFIG_I: Configured from console by console
R2#
R2#copy run start
Destination filename [startup-config]? 
Building configuration...
[OK]
R2#
Enter configuration commands, one per line.  End with CNTL/Z.
R1(config)#interface fastethernet 0/0
R1(config-if)#interface serial 0/0/0 
R1(config-if)#clock rate 64000 
R1(config-if)#no shutdown
R1(config-if)#